// Vitest Snapshot v1, https://vitest.dev/guide/snapshot.html

exports[`CardCurrent > should match snapshot 1`] = `
<div>
  <div
    class="bg-brand-800 p-4 rounded-lg border border-brand-600 space-y-5"
  >
    <p
      class="font-dmsans text-brand-200"
    />
    <p
      class="font-dmsans text-white font-extralight text-2xl"
    >
      30°
    </p>
  </div>
</div>
`;
